exports[`test renders correctly 1`] = `
<div
  className="home">
  <h1>
    23 + 19
  </h1>
  <h2>
    = 
    42
  </h2>
</div>
`;
